> Task :compileJava UP-TO-DATE
> Task :processResources UP-TO-DATE
> Task :classes UP-TO-DATE
> Task :jar UP-TO-DATE
> Task :assemble UP-TO-DATE

> Task :shadowJar FAILED
ex
org.gradle.api.GradleException: Could not add file 'C:\Users\minse\Desktop\ef\ef\VelocityDiscordLogger\build\classes\java\main\me\minseok\velocitydiscordlogger\ChatListener.class' to ZIP 'C:\Users\minse\Desktop\ef\ef\VelocityDiscordLogger\build\libs\VelocityDiscordLogger-1.0.0.jar'.
	at java.base/jdk.internal.reflect.DirectConstructorHandleAccessor.newInstance(DirectConstructorHandleAccessor.java:62)
	at org.gradle.internal.classpath.intercept.DefaultCallSiteDecorator$DecoratingCallSite.access$401(DefaultCallSiteDecorator.java:156)
	at org.gradle.internal.classpath.intercept.DefaultCallSiteDecorator$DecoratingCallSite$4.callOriginal(DefaultCallSiteDecorator.java:210)
	at org.gradle.internal.classpath.intercept.DefaultCallSiteDecorator$1.doIntercept(DefaultCallSiteDecorator.java:69)
	at org.gradle.internal.classpath.intercept.DefaultCallSiteDecorator$DecoratingCallSite.callConstructor(DefaultCallSiteDecorator.java:207)
	at com.github.jengelman.gradle.plugins.shadow.tasks.ShadowCopyAction$StreamAction.visitFile(ShadowCopyAction.groovy:243)
	at java.base/jdk.internal.reflect.DirectMethodHandleAccessor.invoke(DirectMethodHandleAccessor.java:103)
	at com.github.jengelman.gradle.plugins.shadow.tasks.ShadowCopyAction$BaseStreamAction.processFile(ShadowCopyAction.groovy:181)
	at org.gradle.api.internal.file.copy.NormalizingCopyActionDecorator.lambda$execute$0(NormalizingCopyActionDecorator.java:72)
	at org.gradle.api.internal.file.copy.DuplicateHandlingCopyActionDecorator.lambda$execute$0(DuplicateHandlingCopyActionDecorator.java:71)
	at org.gradle.api.internal.file.copy.CopyFileVisitorImpl.processFile(CopyFileVisitorImpl.java:68)
	at org.gradle.api.internal.file.copy.CopyFileVisitorImpl.visitFile(CopyFileVisitorImpl.java:52)
	at org.gradle.api.internal.file.collections.PathVisitor.visitFile(PathVisitor.java:88)
	at org.gradle.api.internal.file.collections.PathVisitor.visitFile(PathVisitor.java:38)
	at org.gradle.api.internal.file.collections.DefaultDirectoryWalker.walkDir(DefaultDirectoryWalker.java:44)
	at org.gradle.api.internal.file.collections.DirectoryFileTree.walkDir(DirectoryFileTree.java:147)
	at org.gradle.api.internal.file.collections.DirectoryFileTree.visitFrom(DirectoryFileTree.java:125)
	at org.gradle.api.internal.file.collections.DirectoryFileTree.visit(DirectoryFileTree.java:111)
	at org.gradle.api.internal.file.collections.FileTreeAdapter.visit(FileTreeAdapter.java:110)
	at org.gradle.api.internal.file.CompositeFileTree.visit(CompositeFileTree.java:108)
	at org.gradle.api.internal.file.copy.CopySpecActionImpl.execute(CopySpecActionImpl.java:43)
	at org.gradle.api.internal.file.copy.CopySpecActionImpl.execute(CopySpecActionImpl.java:25)
	at org.gradle.api.internal.file.copy.DefaultCopySpec$DefaultCopySpecResolver.walk(DefaultCopySpec.java:851)
	at org.gradle.api.internal.file.copy.DefaultCopySpec$DefaultCopySpecResolver.walk(DefaultCopySpec.java:853)
	at org.gradle.api.internal.file.copy.DefaultCopySpec.walk(DefaultCopySpec.java:570)
	at org.gradle.api.internal.file.copy.CopySpecBackedCopyActionProcessingStream.process(CopySpecBackedCopyActionProcessingStream.java:42)
	at org.gradle.api.internal.file.copy.DuplicateHandlingCopyActionDecorator.lambda$execute$1(DuplicateHandlingCopyActionDecorator.java:51)
	at org.gradle.api.internal.file.copy.NormalizingCopyActionDecorator.lambda$execute$1(NormalizingCopyActionDecorator.java:64)
	at org.gradle.api.internal.file.copy.CopyActionProcessingStream$process.call(Unknown Source)
	at com.github.jengelman.gradle.plugins.shadow.tasks.ShadowCopyAction$2.execute(ShadowCopyAction.groovy:108)
	at com.github.jengelman.gradle.plugins.shadow.tasks.ShadowCopyAction$2$execute.call(Unknown Source)
	at org.gradle.internal.classpath.intercept.DefaultCallSiteDecorator$DecoratingCallSite.access$101(DefaultCallSiteDecorator.java:156)
	at org.gradle.internal.classpath.intercept.DefaultCallSiteDecorator$DecoratingCallSite$1.callOriginal(DefaultCallSiteDecorator.java:170)
	at org.gradle.internal.classpath.Instrumented$ProcessGroovyMethodsExecuteInterceptor.doIntercept(Instrumented.java:715)
	at org.gradle.internal.classpath.intercept.DefaultCallSiteDecorator$DecoratingCallSite.call(DefaultCallSiteDecorator.java:167)
	at com.github.jengelman.gradle.plugins.shadow.tasks.ShadowCopyAction.withResource(ShadowCopyAction.groovy:150)
	at java.base/jdk.internal.reflect.DirectMethodHandleAccessor.invoke(DirectMethodHandleAccessor.java:103)
	at com.github.jengelman.gradle.plugins.shadow.tasks.ShadowCopyAction.execute(ShadowCopyAction.groovy:105)
	at org.gradle.api.internal.file.copy.NormalizingCopyActionDecorator.execute(NormalizingCopyActionDecorator.java:63)
	at org.gradle.api.internal.file.copy.DuplicateHandlingCopyActionDecorator.execute(DuplicateHandlingCopyActionDecorator.java:51)
	at org.gradle.api.internal.file.copy.CopyActionExecuter.execute(CopyActionExecuter.java:48)
	at org.gradle.api.tasks.AbstractCopyTask.copy(AbstractCopyTask.java:153)
	at com.github.jengelman.gradle.plugins.shadow.tasks.ShadowJar.copy(ShadowJar.java:161)
	at java.base/jdk.internal.reflect.DirectMethodHandleAccessor.invoke(DirectMethodHandleAccessor.java:103)
	at org.gradle.internal.reflect.JavaMethod.invoke(JavaMethod.java:125)
	at org.gradle.api.internal.project.taskfactory.StandardTaskAction.doExecute(StandardTaskAction.java:58)
	at org.gradle.api.internal.project.taskfactory.StandardTaskAction.execute(StandardTaskAction.java:51)
	at org.gradle.api.internal.project.taskfactory.StandardTaskAction.execute(StandardTaskAction.java:29)
	at org.gradle.api.internal.tasks.execution.TaskExecution$3.run(TaskExecution.java:244)
	at org.gradle.internal.operations.DefaultBuildOperationRunner$1.execute(DefaultBuildOperationRunner.java:29)
	at org.gradle.internal.operations.DefaultBuildOperationRunner$1.execute(DefaultBuildOperationRunner.java:26)
	at org.gradle.internal.operations.DefaultBuildOperationRunner$2.execute(DefaultBuildOperationRunner.java:66)
	at org.gradle.internal.operations.DefaultBuildOperationRunner$2.execute(DefaultBuildOperationRunner.java:59)
	at org.gradle.internal.operations.DefaultBuildOperationRunner.execute(DefaultBuildOperationRunner.java:157)
	at org.gradle.internal.operations.DefaultBuildOperationRunner.execute(DefaultBuildOperationRunner.java:59)
	at org.gradle.internal.operations.DefaultBuildOperationRunner.run(DefaultBuildOperationRunner.java:47)
	at org.gradle.internal.operations.DefaultBuildOperationExecutor.run(DefaultBuildOperationExecutor.java:68)
	at org.gradle.api.internal.tasks.execution.TaskExecution.executeAction(TaskExecution.java:229)
	at org.gradle.api.internal.tasks.execution.TaskExecution.executeActions(TaskExecution.java:212)
	at org.gradle.api.internal.tasks.execution.TaskExecution.executeWithPreviousOutputFiles(TaskExecution.java:195)
	at org.gradle.api.internal.tasks.execution.TaskExecution.execute(TaskExecution.java:162)
	at org.gradle.internal.execution.steps.ExecuteStep.executeInternal(ExecuteStep.java:105)
	at org.gradle.internal.execution.steps.ExecuteStep.access$000(ExecuteStep.java:44)
	at org.gradle.internal.execution.steps.ExecuteStep$1.call(ExecuteStep.java:59)
	at org.gradle.internal.execution.steps.ExecuteStep$1.call(ExecuteStep.java:56)
	at org.gradle.internal.operations.DefaultBuildOperationRunner$CallableBuildOperationWorker.execute(DefaultBuildOperationRunner.java:200)
	at org.gradle.internal.operations.DefaultBuildOperationRunner$CallableBuildOperationWorker.execute(DefaultBuildOperationRunner.java:195)
	at org.gradle.internal.operations.DefaultBuildOperationRunner$2.execute(DefaultBuildOperationRunner.java:66)
	at org.gradle.internal.operations.DefaultBuildOperationRunner$2.execute(DefaultBuildOperationRunner.java:59)
	at org.gradle.internal.operations.DefaultBuildOperationRunner.execute(DefaultBuildOperationRunner.java:157)
	at org.gradle.internal.operations.DefaultBuildOperationRunner.execute(DefaultBuildOperationRunner.java:59)
	at org.gradle.internal.operations.DefaultBuildOperationRunner.call(DefaultBuildOperationRunner.java:53)
	at org.gradle.internal.operations.DefaultBuildOperationExecutor.call(DefaultBuildOperationExecutor.java:73)
	at org.gradle.internal.execution.steps.ExecuteStep.execute(ExecuteStep.java:56)
	at org.gradle.internal.execution.steps.ExecuteStep.execute(ExecuteStep.java:44)
	at org.gradle.internal.execution.steps.CancelExecutionStep.execute(CancelExecutionStep.java:41)
	at org.gradle.internal.execution.steps.TimeoutStep.executeWithoutTimeout(TimeoutStep.java:74)
	at org.gradle.internal.execution.steps.TimeoutStep.execute(TimeoutStep.java:55)
	at org.gradle.internal.execution.steps.PreCreateOutputParentsStep.execute(PreCreateOutputParentsStep.java:50)
	at org.gradle.internal.execution.steps.PreCreateOutputParentsStep.execute(PreCreateOutputParentsStep.java:28)
	at org.gradle.internal.execution.steps.RemovePreviousOutputsStep.execute(RemovePreviousOutputsStep.java:67)
	at org.gradle.internal.execution.steps.RemovePreviousOutputsStep.execute(RemovePreviousOutputsStep.java:37)
	at org.gradle.internal.execution.steps.BroadcastChangingOutputsStep.execute(BroadcastChangingOutputsStep.java:61)
	at org.gradle.internal.execution.steps.BroadcastChangingOutputsStep.execute(BroadcastChangingOutputsStep.java:26)
	at org.gradle.internal.execution.steps.CaptureOutputsAfterExecutionStep.execute(CaptureOutputsAfterExecutionStep.java:67)
	at org.gradle.internal.execution.steps.CaptureOutputsAfterExecutionStep.execute(CaptureOutputsAfterExecutionStep.java:45)
	at org.gradle.internal.execution.steps.ResolveInputChangesStep.execute(ResolveInputChangesStep.java:40)
	at org.gradle.internal.execution.steps.ResolveInputChangesStep.execute(ResolveInputChangesStep.java:29)
	at org.gradle.internal.execution.steps.BuildCacheStep.executeWithoutCache(BuildCacheStep.java:189)
	at org.gradle.internal.execution.steps.BuildCacheStep.lambda$execute$1(BuildCacheStep.java:75)
	at org.gradle.internal.Either$Right.fold(Either.java:175)
	at org.gradle.internal.execution.caching.CachingState.fold(CachingState.java:62)
	at org.gradle.internal.execution.steps.BuildCacheStep.execute(BuildCacheStep.java:73)
	at org.gradle.internal.execution.steps.BuildCacheStep.execute(BuildCacheStep.java:48)
	at org.gradle.internal.execution.steps.StoreExecutionStateStep.execute(StoreExecutionStateStep.java:46)
	at org.gradle.internal.execution.steps.StoreExecutionStateStep.execute(StoreExecutionStateStep.java:35)
	at org.gradle.internal.execution.steps.SkipUpToDateStep.executeBecause(SkipUpToDateStep.java:76)
	at org.gradle.internal.execution.steps.SkipUpToDateStep.lambda$execute$2(SkipUpToDateStep.java:54)
	at org.gradle.internal.execution.steps.SkipUpToDateStep.execute(SkipUpToDateStep.java:54)
	at org.gradle.internal.execution.steps.SkipUpToDateStep.execute(SkipUpToDateStep.java:36)
	at org.gradle.internal.execution.steps.legacy.MarkSnapshottingInputsFinishedStep.execute(MarkSnapshottingInputsFinishedStep.java:37)
	at org.gradle.internal.execution.steps.legacy.MarkSnapshottingInputsFinishedStep.execute(MarkSnapshottingInputsFinishedStep.java:27)
	at org.gradle.internal.execution.steps.ResolveIncrementalCachingStateStep.executeDelegate(ResolveIncrementalCachingStateStep.java:49)
	at org.gradle.internal.execution.steps.ResolveIncrementalCachingStateStep.executeDelegate(ResolveIncrementalCachingStateStep.java:27)
	at org.gradle.internal.execution.steps.AbstractResolveCachingStateStep.execute(AbstractResolveCachingStateStep.java:71)
	at org.gradle.internal.execution.steps.AbstractResolveCachingStateStep.execute(AbstractResolveCachingStateStep.java:39)
	at org.gradle.internal.execution.steps.ResolveChangesStep.execute(ResolveChangesStep.java:65)
	at org.gradle.internal.execution.steps.ResolveChangesStep.execute(ResolveChangesStep.java:36)
	at org.gradle.internal.execution.steps.ValidateStep.execute(ValidateStep.java:106)
	at org.gradle.internal.execution.steps.ValidateStep.execute(ValidateStep.java:55)
	at org.gradle.internal.execution.steps.AbstractCaptureStateBeforeExecutionStep.execute(AbstractCaptureStateBeforeExecutionStep.java:64)
	at org.gradle.internal.execution.steps.AbstractCaptureStateBeforeExecutionStep.execute(AbstractCaptureStateBeforeExecutionStep.java:43)
	at org.gradle.internal.execution.steps.AbstractSkipEmptyWorkStep.executeWithNonEmptySources(AbstractSkipEmptyWorkStep.java:125)
	at org.gradle.internal.execution.steps.AbstractSkipEmptyWorkStep.execute(AbstractSkipEmptyWorkStep.java:61)
	at org.gradle.internal.execution.steps.AbstractSkipEmptyWorkStep.execute(AbstractSkipEmptyWorkStep.java:36)
	at org.gradle.internal.execution.steps.legacy.MarkSnapshottingInputsStartedStep.execute(MarkSnapshottingInputsStartedStep.java:38)
	at org.gradle.internal.execution.steps.LoadPreviousExecutionStateStep.execute(LoadPreviousExecutionStateStep.java:36)
	at org.gradle.internal.execution.steps.LoadPreviousExecutionStateStep.execute(LoadPreviousExecutionStateStep.java:23)
	at org.gradle.internal.execution.steps.HandleStaleOutputsStep.execute(HandleStaleOutputsStep.java:75)
	at org.gradle.internal.execution.steps.HandleStaleOutputsStep.execute(HandleStaleOutputsStep.java:41)
	at org.gradle.internal.execution.steps.AssignMutableWorkspaceStep.lambda$execute$0(AssignMutableWorkspaceStep.java:35)
	at org.gradle.api.internal.tasks.execution.TaskExecution$4.withWorkspace(TaskExecution.java:289)
	at org.gradle.internal.execution.steps.AssignMutableWorkspaceStep.execute(AssignMutableWorkspaceStep.java:31)
	at org.gradle.internal.execution.steps.AssignMutableWorkspaceStep.execute(AssignMutableWorkspaceStep.java:22)
	at org.gradle.internal.execution.steps.ChoosePipelineStep.execute(ChoosePipelineStep.java:40)
	at org.gradle.internal.execution.steps.ChoosePipelineStep.execute(ChoosePipelineStep.java:23)
	at org.gradle.internal.execution.steps.ExecuteWorkBuildOperationFiringStep.lambda$execute$2(ExecuteWorkBuildOperationFiringStep.java:67)
	at org.gradle.internal.execution.steps.ExecuteWorkBuildOperationFiringStep.execute(ExecuteWorkBuildOperationFiringStep.java:67)
	at org.gradle.internal.execution.steps.ExecuteWorkBuildOperationFiringStep.execute(ExecuteWorkBuildOperationFiringStep.java:39)
	at org.gradle.internal.execution.steps.IdentityCacheStep.execute(IdentityCacheStep.java:46)
	at org.gradle.internal.execution.steps.IdentityCacheStep.execute(IdentityCacheStep.java:34)
	at org.gradle.internal.execution.steps.IdentifyStep.execute(IdentifyStep.java:48)
	at org.gradle.internal.execution.steps.IdentifyStep.execute(IdentifyStep.java:35)
	at org.gradle.internal.execution.impl.DefaultExecutionEngine$1.execute(DefaultExecutionEngine.java:61)
	at org.gradle.api.internal.tasks.execution.ExecuteActionsTaskExecuter.executeIfValid(ExecuteActionsTaskExecuter.java:127)
	at org.gradle.api.internal.tasks.execution.ExecuteActionsTaskExecuter.execute(ExecuteActionsTaskExecuter.java:116)
	at org.gradle.api.internal.tasks.execution.FinalizePropertiesTaskExecuter.execute(FinalizePropertiesTaskExecuter.java:46)
	at org.gradle.api.internal.tasks.execution.ResolveTaskExecutionModeExecuter.execute(ResolveTaskExecutionModeExecuter.java:51)
	at org.gradle.api.internal.tasks.execution.SkipTaskWithNoActionsExecuter.execute(SkipTaskWithNoActionsExecuter.java:57)
	at org.gradle.api.internal.tasks.execution.SkipOnlyIfTaskExecuter.execute(SkipOnlyIfTaskExecuter.java:74)
	at org.gradle.api.internal.tasks.execution.CatchExceptionTaskExecuter.execute(CatchExceptionTaskExecuter.java:36)
	at org.gradle.api.internal.tasks.execution.EventFiringTaskExecuter$1.executeTask(EventFiringTaskExecuter.java:77)
	at org.gradle.api.internal.tasks.execution.EventFiringTaskExecuter$1.call(EventFiringTaskExecuter.java:55)
	at org.gradle.api.internal.tasks.execution.EventFiringTaskExecuter$1.call(EventFiringTaskExecuter.java:52)
	at org.gradle.internal.operations.DefaultBuildOperationRunner$CallableBuildOperationWorker.execute(DefaultBuildOperationRunner.java:200)
	at org.gradle.internal.operations.DefaultBuildOperationRunner$CallableBuildOperationWorker.execute(DefaultBuildOperationRunner.java:195)
	at org.gradle.internal.operations.DefaultBuildOperationRunner$2.execute(DefaultBuildOperationRunner.java:66)
	at org.gradle.internal.operations.DefaultBuildOperationRunner$2.execute(DefaultBuildOperationRunner.java:59)
	at org.gradle.internal.operations.DefaultBuildOperationRunner.execute(DefaultBuildOperationRunner.java:157)
	at org.gradle.internal.operations.DefaultBuildOperationRunner.execute(DefaultBuildOperationRunner.java:59)
	at org.gradle.internal.operations.DefaultBuildOperationRunner.call(DefaultBuildOperationRunner.java:53)
	at org.gradle.internal.operations.DefaultBuildOperationExecutor.call(DefaultBuildOperationExecutor.java:73)
	at org.gradle.api.internal.tasks.execution.EventFiringTaskExecuter.execute(EventFiringTaskExecuter.java:52)
	at org.gradle.execution.plan.LocalTaskNodeExecutor.execute(LocalTaskNodeExecutor.java:42)
	at org.gradle.execution.taskgraph.DefaultTaskExecutionGraph$InvokeNodeExecutorsAction.execute(DefaultTaskExecutionGraph.java:331)
	at org.gradle.execution.taskgraph.DefaultTaskExecutionGraph$InvokeNodeExecutorsAction.execute(DefaultTaskExecutionGraph.java:318)
	at org.gradle.execution.taskgraph.DefaultTaskExecutionGraph$BuildOperationAwareExecutionAction.lambda$execute$0(DefaultTaskExecutionGraph.java:314)
	at org.gradle.internal.operations.CurrentBuildOperationRef.with(CurrentBuildOperationRef.java:80)
	at org.gradle.execution.taskgraph.DefaultTaskExecutionGraph$BuildOperationAwareExecutionAction.execute(DefaultTaskExecutionGraph.java:314)
	at org.gradle.execution.taskgraph.DefaultTaskExecutionGraph$BuildOperationAwareExecutionAction.execute(DefaultTaskExecutionGraph.java:303)
	at org.gradle.execution.plan.DefaultPlanExecutor$ExecutorWorker.execute(DefaultPlanExecutor.java:463)
	at org.gradle.execution.plan.DefaultPlanExecutor$ExecutorWorker.run(DefaultPlanExecutor.java:380)
	at org.gradle.internal.concurrent.ExecutorPolicy$CatchAndRecordFailures.onExecute(ExecutorPolicy.java:64)
	at org.gradle.internal.concurrent.AbstractManagedExecutor$1.run(AbstractManagedExecutor.java:47)
Caused by: java.lang.IllegalArgumentException: Unsupported class file major version 65
	at org.objectweb.asm.ClassReader.<init>(ClassReader.java:199)
	at org.objectweb.asm.ClassReader.<init>(ClassReader.java:180)
	at org.objectweb.asm.ClassReader.<init>(ClassReader.java:166)
	at org.objectweb.asm.ClassReader.<init>(ClassReader.java:287)
	at java.base/jdk.internal.reflect.DirectConstructorHandleAccessor.newInstance(DirectConstructorHandleAccessor.java:62)
	at org.gradle.internal.classpath.intercept.DefaultCallSiteDecorator$DecoratingCallSite.access$401(DefaultCallSiteDecorator.java:156)
	at org.gradle.internal.classpath.intercept.DefaultCallSiteDecorator$DecoratingCallSite$4.callOriginal(DefaultCallSiteDecorator.java:210)
	at org.gradle.internal.classpath.intercept.DefaultCallSiteDecorator$1.doIntercept(DefaultCallSiteDecorator.java:69)
	at org.gradle.internal.classpath.intercept.DefaultCallSiteDecorator$DecoratingCallSite.callConstructor(DefaultCallSiteDecorator.java:207)
	at com.github.jengelman.gradle.plugins.shadow.tasks.ShadowCopyAction$StreamAction.remapClass(ShadowCopyAction.groovy:339)
	at java.base/jdk.internal.reflect.DirectMethodHandleAccessor.invoke(DirectMethodHandleAccessor.java:103)
	at com.github.jengelman.gradle.plugins.shadow.tasks.ShadowCopyAction$StreamAction.remapClass(ShadowCopyAction.groovy:325)
	at java.base/jdk.internal.reflect.DirectMethodHandleAccessor.invoke(DirectMethodHandleAccessor.java:103)
	at com.github.jengelman.gradle.plugins.shadow.tasks.ShadowCopyAction$StreamAction.visitFile(ShadowCopyAction.groovy:239)
	... 158 more

FAILURE: Build failed with an exception.

* What went wrong:
Execution failed for task ':shadowJar'.
> Could not add file 'C:\Users\minse\Desktop\ef\ef\VelocityDiscordLogger\build\classes\java\main\me\minseok\velocitydiscordlogger\ChatListener.class' to ZIP 'C:\Users\minse\Desktop\ef\ef\VelocityDiscordLogger\build\libs\VelocityDiscordLogger-1.0.0.jar'.

* Try:
> Run with --stacktrace option to get the stack trace.
> Run with --info or --debug option to get more log output.
> Run with --scan to get full insights.
> Get more help at https://help.gradle.org.

BUILD FAILED in 608ms
4 actionable tasks: 1 executed, 3 up-to-date
